$ git branch
  bar
  foo
* master
(venv) tmunyaradzi:pcf-kb-apps-manager tmunyaradzi$  git checkout -b bar
Switched to branch 'bar'
(venv) tmunyaradzi:pcf-kb-apps-manager tmunyaradzi$ git branch
On branch bar
nothing to commit, working directory clean
(venv) tmunyaradzi:pcf-kb-apps-manager tmunyaradzi$ git diff
